<html>
<body>
<pre>
<h1>µVision Build Log</h1>
<h2>Tool Versions:</h2>
IDE-Version: µVision V5.33.0.0
Copyright (C) 2020 ARM Ltd and ARM Germany GmbH. All rights reserved.
License Information: Jacob Howard, Auburn University, LIC=----
 
Tool Versions:
Toolchain:       MDK-Lite  Version: 5.33.0.0
Toolchain Path:  D:\Keil_v5\ARM\ARMCLANG\Bin
C Compiler:      ArmClang.exe V6.15
Assembler:       Armasm.exe V6.15
Linker/Locator:  ArmLink.exe V6.15
Library Manager: ArmAr.exe V6.15
Hex Converter:   FromElf.exe V6.15
CPU DLL:         SARMCM3.DLL V5.33.0.0
Dialog DLL:      DCM.DLL V1.17.3.0
Target DLL:      UL2CM3.DLL V1.163.9.0
Dialog DLL:      TCM.DLL V1.48.0.0
 
<h2>Project:</h2>
C:\Users\jacob\OneDrive - Auburn University\Current Classes\Electronic Design Lab\Lab 4 Stuff\Lab4.uvprojx
Project File Date:  03/09/2021

<h2>Output:</h2>
*** Using Compiler 'V6.15', folder: 'D:\Keil_v5\ARM\ARMCLANG\Bin'
Rebuild target 'Target 1'
assembling startup_stm32l432xx.s...
compiling system_stm32l4xx.c...
Lab4.c(9): warning: non-portable path to file '"stm32l4xx.h"'; specified path differs in case from file name on disk [-Wnonportable-include-path]
#include "STM32l4xx.h"                                          //Microcontroller information
         ^~~~~~~~~~~~~
         "stm32l4xx.h"
Lab4.c(44): warning: flexible array initialization is a GNU extension [-Wgnu-flexible-array-initializer]
        .keys = {keypad.row1, keypad.row2, keypad.row3, keypad.row4},
                ^
Lab4.c(25): note: initialized flexible array member 'keys' is here
        const int* keys[];
                   ^
Lab4.c(38): warning: implicit conversion changes signedness: 'int' to 'unsigned char' [-Wsign-conversion]
        .column = ~0,
                  ^~
Lab4.c(37): warning: implicit conversion changes signedness: 'int' to 'unsigned char' [-Wsign-conversion]
        .row = ~0,
               ^~
Lab4.c(21): warning: padding struct 'matrix_keypad' with 1 byte to align 'row1' [-Wpadded]
        const int row1[4];
                  ^
Lab4.c(36): warning: no previous extern declaration for non-static variable 'keypad' [-Wmissing-variable-declarations]
matrix_keypad keypad = {
              ^
Lab4.c(36): note: declare 'static' if the variable is not intended to be used outside of this translation unit
matrix_keypad keypad = {
^
Lab4.c(80): warning: implicit conversion changes signedness: 'int' to 'unsigned int' [-Wsign-conversion]
        GPIOA->MODER &= ~(0x0000000C);  //General purpose input mode
                     ~~ ^~~~~~~~~~~~~
Lab4.c(84): warning: implicit conversion changes signedness: 'int' to 'unsigned int' [-Wsign-conversion]
        GPIOB->MODER &= ~(0x0000FFFF);  //clear
                     ~~ ^~~~~~~~~~~~~
Lab4.c(87): warning: implicit conversion changes signedness: 'int' to 'unsigned int' [-Wsign-conversion]
        GPIOB->PUPDR &= ~(0x000000FF);  //clear pu/pd
                     ~~ ^~~~~~~~~~~~~
Lab4.c(92): warning: implicit conversion changes signedness: 'int' to 'unsigned int' [-Wsign-conversion]
        GPIOC->MODER &= ~(0x000000FF);  //Clear
                     ~~ ^~~~~~~~~~~~~
Lab4.c(129): warning: implicit conversion changes signedness: 'int' to 'unsigned int' [-Wsign-conversion]
        GPIOB->MODER &= ~(0x0000FFFF);
                     ~~ ^~~~~~~~~~~~~
Lab4.c(130): warning: implicit conversion changes signedness: 'int' to 'unsigned int' [-Wsign-conversion]
        GPIOB->PUPDR &= ~(0x0000FF00);
                     ~~ ^~~~~~~~~~~~~
Lab4.c(135): warning: implicit conversion changes signedness: 'int' to 'unsigned int' [-Wsign-conversion]
        GPIOB->PUPDR &= ~(0x000000FF);
                     ~~ ^~~~~~~~~~~~~
Lab4.c(110): warning: no previous prototype for function 'EXTI1_IRQHandler' [-Wmissing-prototypes]
void EXTI1_IRQHandler () {
     ^
Lab4.c(110): note: declare 'static' if the function is not intended to be used outside of this translation unit
void EXTI1_IRQHandler () {
^
static 
Lab4.c(110): warning: this old-style function definition is not preceded by a prototype [-Wstrict-prototypes]
void EXTI1_IRQHandler () {
                      ^
Lab4.c(169): warning: implicit conversion changes signedness: 'int' to 'uint32_t' (aka 'unsigned int') [-Wsign-conversion]
        GPIOC->ODR = value;
                   ~ ^~~~~
Lab4.c(173): warning: implicit conversion changes signedness: 'int' to 'unsigned int' [-Wsign-conversion]
        GPIOB->MODER &= ~(0x0000FFFF);
                     ~~ ^~~~~~~~~~~~~
Lab4.c(176): warning: implicit conversion changes signedness: 'int' to 'unsigned int' [-Wsign-conversion]
        GPIOB->PUPDR &= ~(0x0000FF00);
                     ~~ ^~~~~~~~~~~~~
Lab4.c(198): warning: implicit conversion changes signedness: 'int' to 'unsigned int' [-Wsign-conversion]
        GPIOB->MODER &= ~(0x0000FFFF);
                     ~~ ^~~~~~~~~~~~~
Lab4.c(201): warning: implicit conversion changes signedness: 'int' to 'unsigned int' [-Wsign-conversion]
        GPIOB->PUPDR &= ~(0x000000FF);
                     ~~ ^~~~~~~~~~~~~
Lab4.c(12): warning: no previous extern declaration for non-static variable 'counter' [-Wmissing-variable-declarations]
int counter;                    //number currently displayed
    ^
Lab4.c(12): note: declare 'static' if the variable is not intended to be used outside of this translation unit
int counter;                    //number currently displayed
^
Lab4.c(13): warning: no previous extern declaration for non-static variable 'something' [-Wmissing-variable-declarations]
int something;
    ^
Lab4.c(13): note: declare 'static' if the variable is not intended to be used outside of this translation unit
int something;
^
Lab4.c(14): warning: no previous extern declaration for non-static variable 'key' [-Wmissing-variable-declarations]
int key;
    ^
Lab4.c(14): note: declare 'static' if the variable is not intended to be used outside of this translation unit
int key;
^
Lab4.c(15): warning: no previous extern declaration for non-static variable 'reset' [-Wmissing-variable-declarations]
int reset;
    ^
Lab4.c(15): note: declare 'static' if the variable is not intended to be used outside of this translation unit
int reset;
^
24 warnings generated.
compiling Lab4.c...
linking...
Program Size: Code=1236 RO-data=428 RW-data=84 ZI-data=1648  
".\Objects\Lab4.axf" - 0 Error(s), 24 Warning(s).

<h2>Software Packages used:</h2>

Package Vendor: ARM
                http://www.keil.com/pack/ARM.CMSIS.5.7.0.pack
                ARM.CMSIS.5.7.0
                CMSIS (Cortex Microcontroller Software Interface Standard)
   * Component: CORE Version: 5.4.0

Package Vendor: Keil
                http://www.keil.com/pack/Keil.STM32L4xx_DFP.2.5.0.pack
                Keil.STM32L4xx_DFP.2.5.0
                STMicroelectronics STM32L4 Series Device Support, Drivers and Examples
   * Component: Startup Version: 1.3.1

<h2>Collection of Component include folders:</h2>
  .\RTE\_Target_1
  C:\Users\jacob\AppData\Local\Arm\Packs\ARM\CMSIS\5.7.0\CMSIS\Core\Include
  C:\Users\jacob\AppData\Local\Arm\Packs\Keil\STM32L4xx_DFP\2.5.0\Drivers\CMSIS\Device\ST\STM32L4xx\Include

<h2>Collection of Component Files used:</h2>

   * Component: ARM::CMSIS:CORE:5.4.0

   * Component: Keil::Device:Startup:1.3.1
      Source file:   Drivers\CMSIS\Device\ST\STM32L4xx\Source\Templates\arm\startup_stm32l432xx.s
      Source file:   MDK\Device\Source\ARM\STM32L4xx_SB_OPT.s
      Include file:  Drivers\CMSIS\Device\ST\STM32L4xx\Include\stm32l4xx.h
      Source file:   Drivers\CMSIS\Device\ST\STM32L4xx\Source\Templates\system_stm32l4xx.c
Build Time Elapsed:  00:00:01
</pre>
</body>
</html>
