<html>
<body>
<pre>
<h1>µVision Build Log</h1>
<h2>Tool Versions:</h2>
IDE-Version: µVision V5.33.0.0
Copyright (C) 2020 ARM Ltd and ARM Germany GmbH. All rights reserved.
License Information: Jacob Howard, Auburn University, LIC=----
 
Tool Versions:
Toolchain:       MDK-Lite  Version: 5.33.0.0
Toolchain Path:  D:\Keil_v5\ARM\ARMCLANG\Bin
C Compiler:      ArmClang.exe V6.15
Assembler:       Armasm.exe V6.15
Linker/Locator:  ArmLink.exe V6.15
Library Manager: ArmAr.exe V6.15
Hex Converter:   FromElf.exe V6.15
CPU DLL:         SARMCM3.DLL V5.33.0.0
Dialog DLL:      DCM.DLL V1.17.3.0
Target DLL:      STLink\ST-LINKIII-KEIL_SWO.dll V3.0.8.0
Dialog DLL:      TCM.DLL V1.48.0.0
 
<h2>Project:</h2>
C:\Users\jacob\OneDrive - Auburn University\Current Classes\Electronic Design Lab\Lab 2 Stuff\Lab2.uvprojx
Project File Date:  02/22/2021

<h2>Output:</h2>
*** Using Compiler 'V6.15', folder: 'D:\Keil_v5\ARM\ARMCLANG\Bin'
Build target 'Target 1'
Lab2.c(26): warning: implicit conversion changes signedness: 'int' to 'unsigned int' [-Wsign-conversion]
        GPIOA->MODER &= ~(0x03FFFC3C); // General purpose input mode */ //THIS may be wrong. Might be ~0x0000003C.
                     ~~ ^~~~~~~~~~~~~
Lab2.c(30): warning: implicit conversion changes signedness: 'int' to 'unsigned int' [-Wsign-conversion]
        GPIOB->MODER &= ~(0x03C0); //setting pins 3 and 4 PB
                     ~~ ^~~~~~~~~
Lab2.c(36): warning: '/*' within block comment [-Wcomment]
/*----------------------------------------------------------*/
^
Lab2.c(23): warning: no previous prototype for function 'PinSetup' [-Wmissing-prototypes]
void PinSetup () {
     ^
Lab2.c(23): note: declare 'static' if the function is not intended to be used outside of this translation unit
void PinSetup () {
^
static 
Lab2.c(23): warning: this old-style function definition is not preceded by a prototype [-Wstrict-prototypes]
void PinSetup () {
              ^
Lab2.c(38): warning: implicit conversion changes signedness: 'int' to 'unsigned int' [-Wsign-conversion]
        SYSCFG->EXTICR[0] &= ~(0x000F); //Clear EXTI0 (set for PA0)
                          ~~ ^~~~~~~~~
Lab2.c(39): warning: implicit conversion changes signedness: 'int' to 'unsigned int' [-Wsign-conversion]
        SYSCFG->EXTICR[0] &= ~(0x00F0); //Clear EXTI1 (set for PA1)
                          ~~ ^~~~~~~~~
Lab2.c(37): warning: no previous prototype for function 'InterruptSetup' [-Wmissing-prototypes]
void InterruptSetup(){
     ^
Lab2.c(37): note: declare 'static' if the function is not intended to be used outside of this translation unit
void InterruptSetup(){
^
static 
Lab2.c(37): warning: this old-style function definition is not preceded by a prototype [-Wstrict-prototypes]
void InterruptSetup(){
                   ^
Lab2.c(67): warning: implicit conversion changes signedness: 'int' to 'unsigned int' [-Wsign-conversion]
    GPIOB->ODR = (GPIOB->ODR & ~(0x08)) | (run << 3);//Set to value of run
                                        ~  ~~~~^~~~
Lab2.c(67): warning: implicit conversion changes signedness: 'int' to 'unsigned int' [-Wsign-conversion]
    GPIOB->ODR = (GPIOB->ODR & ~(0x08)) | (run << 3);//Set to value of run
                             ~ ^~~~~~~
Lab2.c(60): warning: no previous prototype for function 'EXTI1_IRQHandler' [-Wmissing-prototypes]
void EXTI1_IRQHandler() {
     ^
Lab2.c(60): note: declare 'static' if the function is not intended to be used outside of this translation unit
void EXTI1_IRQHandler() {
^
static 
Lab2.c(60): warning: this old-style function definition is not preceded by a prototype [-Wstrict-prototypes]
void EXTI1_IRQHandler() {
                     ^
Lab2.c(88): warning: '/*' within block comment [-Wcomment]
/*----------------------------------------------------------*/
^
Lab2.c(72): warning: no previous prototype for function 'EXTI2_IRQHandler' [-Wmissing-prototypes]
void EXTI2_IRQHandler(){
     ^
Lab2.c(72): note: declare 'static' if the function is not intended to be used outside of this translation unit
void EXTI2_IRQHandler(){
^
static 
Lab2.c(72): warning: this old-style function definition is not preceded by a prototype [-Wstrict-prototypes]
void EXTI2_IRQHandler(){
                     ^
Lab2.c(112): warning: '/*' within block comment [-Wcomment]
/*----------------------------------------------------------*/
^
Lab2.c(90): warning: no previous prototype for function 'countUpandDown' [-Wmissing-prototypes]
void countUpandDown () {
     ^
Lab2.c(90): note: declare 'static' if the function is not intended to be used outside of this translation unit
void countUpandDown () {
^
static 
Lab2.c(90): warning: this old-style function definition is not preceded by a prototype [-Wstrict-prototypes]
void countUpandDown () {
                    ^
Lab2.c(114): warning: no previous prototype for function 'count' [-Wmissing-prototypes]
        void count () {
             ^
Lab2.c(114): note: declare 'static' if the function is not intended to be used outside of this translation unit
        void count () {
        ^
        static 
Lab2.c(114): warning: this old-style function definition is not preceded by a prototype [-Wstrict-prototypes]
        void count () {
                   ^
Lab2.c(126): warning: no previous prototype for function 'delay' [-Wmissing-prototypes]
void delay (){
     ^
Lab2.c(126): note: declare 'static' if the function is not intended to be used outside of this translation unit
void delay (){
^
static 
Lab2.c(126): warning: this old-style function definition is not preceded by a prototype [-Wstrict-prototypes]
void delay (){
           ^
Lab2.c(161): warning: implicit conversion changes signedness: 'int' to 'unsigned int' [-Wsign-conversion]
   GPIOA->ODR = (GPIOA->ODR & ~(0x1FE0)) | (((counter2 << 4) + counter1) << 5);
                                         ~  ~~~~~~~~~~~~~~~~~~~~~~~~~~~~~^~~~
Lab2.c(161): warning: implicit conversion changes signedness: 'int' to 'unsigned int' [-Wsign-conversion]
   GPIOA->ODR = (GPIOA->ODR & ~(0x1FE0)) | (((counter2 << 4) + counter1) << 5);
                            ~ ^~~~~~~~~
Lab2.c(11): warning: no previous extern declaration for non-static variable 'direction' [-Wmissing-variable-declarations]
unsigned char direction, blueLED, greenLED;
              ^
Lab2.c(11): note: declare 'static' if the variable is not intended to be used outside of this translation unit
unsigned char direction, blueLED, greenLED;
^
Lab2.c(11): warning: no previous extern declaration for non-static variable 'blueLED' [-Wmissing-variable-declarations]
unsigned char direction, blueLED, greenLED;
                         ^
Lab2.c(11): note: declare 'static' if the variable is not intended to be used outside of this translation unit
unsigned char direction, blueLED, greenLED;
^
Lab2.c(11): warning: no previous extern declaration for non-static variable 'greenLED' [-Wmissing-variable-declarations]
unsigned char direction, blueLED, greenLED;
                                  ^
Lab2.c(11): note: declare 'static' if the variable is not intended to be used outside of this translation unit
unsigned char direction, blueLED, greenLED;
^
Lab2.c(10): warning: unused variable 'up' [-Wunused-variable]
static int counter1, counter2, run, up;
                                    ^
Lab2.c(14): warning: unused variable 'sw2' [-Wunused-variable]
static uint16_t sw2; //Switch 2 to reverse counter 1
                ^
30 warnings generated.
compiling Lab2.c...
linking...
Program Size: Code=1012 RO-data=412 RW-data=0 ZI-data=1656  
".\Objects\Lab2.axf" - 0 Error(s), 30 Warning(s).

<h2>Software Packages used:</h2>

Package Vendor: ARM
                http://www.keil.com/pack/ARM.CMSIS.5.7.0.pack
                ARM.CMSIS.5.7.0
                CMSIS (Cortex Microcontroller Software Interface Standard)
   * Component: CORE Version: 5.4.0

Package Vendor: Keil
                http://www.keil.com/pack/Keil.STM32L4xx_DFP.2.5.0.pack
                Keil.STM32L4xx_DFP.2.5.0
                STMicroelectronics STM32L4 Series Device Support, Drivers and Examples
   * Component: Startup Version: 1.3.1

<h2>Collection of Component include folders:</h2>
  .\RTE\_Target_1
  C:\Users\jacob\AppData\Local\Arm\Packs\ARM\CMSIS\5.7.0\CMSIS\Core\Include
  C:\Users\jacob\AppData\Local\Arm\Packs\Keil\STM32L4xx_DFP\2.5.0\Drivers\CMSIS\Device\ST\STM32L4xx\Include

<h2>Collection of Component Files used:</h2>

   * Component: ARM::CMSIS:CORE:5.4.0

   * Component: Keil::Device:Startup:1.3.1
      Include file:  Drivers\CMSIS\Device\ST\STM32L4xx\Include\stm32l4xx.h
      Source file:   MDK\Device\Source\ARM\STM32L4xx_SB_OPT.s
      Source file:   Drivers\CMSIS\Device\ST\STM32L4xx\Source\Templates\arm\startup_stm32l432xx.s
      Source file:   Drivers\CMSIS\Device\ST\STM32L4xx\Source\Templates\system_stm32l4xx.c
Build Time Elapsed:  00:00:01
</pre>
</body>
</html>
